A Beautiful Mind
American Beauty
American Hustle
American Psycho
American Sniper
Beautiful Boy
Beautiful Creatures
Black Book
Black Mirror: Bandersnatch
Black Panther
Black Swan
Blade Runner
Blood Diamond
Blood Simple
Catch Me If You Can
Country Strong
Crazy Love
Crazy, Stupid, Love.
Dances with Wolves
Eternal Sunshine of the Spotless Mind
Fight Club
Fight for Life
Fight for Your Right Revisited
Firestarter
Gone Girl
Gone with the Wind
Goodbye Lenin!
In the Heat of the Night
Internal Affairs
Internal Combustion
Knights of the Round Table
Life is Beautiful
Little Women
Love & Other Drugs
Love Actually
Man of Steel
Man on Fire
Me Before You
Men in Black
Moonlight
Moonrise Kingdom
Mr. & Mrs. Smith
Mrs. Doubtfire
My Own Private Idaho
No Country for Old Men
Play Misty for Me
Pretty in Pink
Pretty Woman
Private Lives
Private Parts
Rain Man
Saving Mr. Banks
Saving Private Ryan
Short Circuit
Silver Linings Playbook
Star Trek
Star Wars
Starship Troopers
The Big Lebowski
The Big Short
The Breakfast Club
The Dark Crystal
The Dark Knight
The Elephant Man
The Elephant Queen
The Girl on the Train
The Girl with the Dragon Tattoo
The Good Dinosaur
The Good German
The Good Shepherd
The Good Son
The Good, the Bad and the Ugly
The Great Escape
The Great Gatsby
The Great Raid
The Green Knight
The Invisible Man
The Last Emperor
The Last King of Scotland
The Last Samurai
The Last Temptation of Christ
The Long Goodbye
The Man from U.N.C.L.E.
The NeverEnding Story
The Neverending Story II: The Next Chapter
The Shape of Things
The Shape of Water
The Star Chamber
The Story of Us
The Wolf of Wall Street
The Wolfman
Toy Soldiers
Toy Story
Under the Moonlight
Waiting for "Superman"
Wall Street
Waterworld
X-Men